// Jest Snapshot v1, https://goo.gl/fbAQLP

exports[`Box with border radius 1`] = `
<div
  class="css-c0vxdr"
  data-testid="border-radius"
>
  Box with border radius
</div>
`;

exports[`I am the box 1`] = `
<div
  class="css-1p1esn3"
  data-testid="button1"
>
  I am the Box
</div>
`;
